[validdatum.com/index.html]
[backblue.gif]
[fade.gif]
[index.html]
[validdatum.com/hubfs/ValidDatum/favicon-validdatum-pro.svg]
[validdatum.com/hs-fs/hub/44658282/hub_generated/module_assets/154819527859/1706567310592/module_154819527859_menu-section.min.css]
[validdatum.com/hs-fs/hub/44658282/hub_generated/template_assets/154818379785/1708724945921/validDatum-theme/css/main.css]
[validdatum.com/hs-fs/hub/44658282/hub_generated/module_assets/154819525919/1706567286431/module_154819525919_background-overlay.min.css]
[validdatum.com/hs-fs/hub/44658282/hub_generated/module_assets/154819525978/1706567323740/module_154819525978_image-text.min.css]
[validdatum.com/hs-fs/hub/44658282/hub_generated/module_assets/154818379684/1706567323147/module_154818379684_cards.min.css]
[validdatum.com/hs-fs/hub/44658282/hub_generated/module_assets/154819525987/1708727143269/module_154819525987_recent-posts.min.css]
[validdatum.com/_hcms/googlefonts/Roboto/300.woff2]
[validdatum.com/_hcms/googlefonts/Roboto/300.woff]
[validdatum.com/_hcms/googlefonts/Roboto/500.woff2]
[validdatum.com/_hcms/googlefonts/Roboto/500.woff]
[validdatum.com/_hcms/googlefonts/Roboto/regular.woff2]
[validdatum.com/_hcms/googlefonts/Roboto/regular.woff]
[validdatum.com/_hcms/googlefonts/Roboto/700.woff2]
[validdatum.com/_hcms/googlefonts/Roboto/700.woff]
[validdatum.com/hs-fs/hubfs/Imported sitepage images/logo1220.png]
[validdatum.com/solutions.html]
[validdatum.com/about.html]
[validdatum.com/contact.html]
[validdatum.com/hubfs/Imported_Blog_Media/VD Pitfall.jpg]
[validdatum.com/hubfs/erp/Young handsome man in suit reading old book.jpg]
[validdatum.com/validDatum-theme/templates/partials/footer.html]
[validdatum.com/hs-fs/hubfs/Imported sitepage images/white7714.png]
[validdatum.com/privacy-policy.html]
[validdatum.com/hs/hsstatic/content-cwv-embed/static-1.1293/embed.js]
[validdatum.com/hs-fs/hub/44658282/hub_generated/template_assets/154819526004/1706572065034/validDatum-theme/vendor/aos/aos.min.js]
[validdatum.com/hs-fs/hub/44658282/hub_generated/template_assets/154821453428/1706572072696/validDatum-theme/js/main.min.js]
[validdatum.com/hs/hsstatic/cos-i18n/static-1.53/bundles/project.js]
[validdatum.com/hs-fs/hub/44658282/hub_generated/module_assets/154819525919/1706567285769/module_154819525919_background-overlay.min.js]
[validdatum.com/hs/scriptloader/44658282.js]
[validdatum.com/hs/hsstatic/HubspotToolsMenu/static-1.393/js/index.js]
[validdatum.com/index.html]
[validdatum.com/hubfs/ValidDatum/favicon-validdatum-pro.svg]
[validdatum.com/hs-fs/hub/44658282/hub_generated/template_assets/154818379785/1708724945921/validDatum-theme/css/main.css]
[validdatum.com/hs-fs/hub/44658282/hub_generated/module_assets/154819527859/1706567310592/module_154819527859_menu-section.min.css]
[validdatum.com/hs-fs/hub/44658282/hub_generated/module_assets/154819525919/1706567286431/module_154819525919_background-overlay.min.css]
[validdatum.com/hs-fs/hub/44658282/hub_generated/module_assets/154819525978/1706567323740/module_154819525978_image-text.min.css]
[validdatum.com/hs-fs/hub/44658282/hub_generated/module_assets/154818833479/1706567306176/module_154818833479_custom-spacing.min.css]
[validdatum.com/hs-fs/hub/44658282/hub_generated/module_assets/154818379684/1706567323147/module_154818379684_cards.min.css]
[validdatum.com/hs-fs/hub/44658282/hub_generated/module_assets/154819525987/1708727143269/module_154819525987_recent-posts.min.css]
[validdatum.com/solutions.html]
[validdatum.com/about.html]
[validdatum.com/hs-fs/hub/44658282/hub_generated/module_assets/154819525971/1706567323758/module_154819525971_featured-form.min.css]
[validdatum.com/hs-fs/hub/44658282/hub_generated/module_assets/154819525971/1706567323078/module_154819525971_featured-form.min.js]
[validdatum.com/contact.html]
[validdatum.com/validDatum-theme/templates/partials/footer.html]
[validdatum.com/indexc6eb.html]
[validdatum.com/privacy-policy.html]
[validdatum.com/hs-fs/hub/44658282/hub_generated/module_assets/154819525971/1706567323758/module_154819525971_featured-form.min.css]
[validdatum.com/_hcms/forms/v2.js]
